
> jsh-erp-web@3.5.0 build
> vue-cli-service build


-  Building for production...
 WARNING  Compiled with 3 warnings16:16:31

 warning  

asset size limit: The following asset(s) exceed the recommended size limit (244 KiB).
This can impact web performance.
Assets: 
  js/chunk-2d0d5f54.92669ad2.js (754 KiB)
  js/chunk-c3bdd56e.0dd3c961.js (388 KiB)
  css/chunk-vendors.953769bc.css (531 KiB)
  js/chunk-vendors.2d993d6a.js (2.88 MiB)
  static/rightImg.png (258 KiB)
  js/chunk-vendors.2d993d6a.js.gz (896 KiB)

 warning  

entrypoint size limit: The following entrypoint(s) combined asset size exceeds the recommended limit (244 KiB). This can impact web performance.
Entrypoints:
  app (3.63 MiB)
      css/chunk-vendors.953769bc.css
      js/chunk-vendors.2d993d6a.js
      css/app.35f58143.css
      js/app.d02cc715.js


Failed to resolve loader: sass-loader
You may need to install it.
  File                                    Size              Gzipped

  dist\static\less.min.js                 184.34 KiB        55.54 KiB
  dist\js\chunk-vendors.2d993d6a.js       2948.95 KiB       898.71 KiB
  dist\js\chunk-2d0d5f54.92669ad2.js      753.74 KiB        171.66 KiB
  dist\js\chunk-c3bdd56e.0dd3c961.js      387.55 KiB        119.17 KiB
  dist\static\translate.js                241.60 KiB        70.43 KiB
  dist\js\chunk-22ede617.381eefba.js      228.37 KiB        71.38 KiB
  dist\js\app.d02cc715.js                 205.12 KiB        52.79 KiB
  dist\js\chunk-474b1266.656ac523.js      198.65 KiB        34.69 KiB
  dist\js\chunk-2aa6befd.127b9b15.js      175.56 KiB        32.26 KiB
  dist\js\chunk-1104730e.d54420fa.js      172.41 KiB        35.66 KiB
  dist\js\chunk-d7628a9e.97b1776f.js      171.57 KiB        36.26 KiB
  dist\js\chunk-4486c1e7.a1a8da45.js      150.12 KiB        32.67 KiB
  dist\js\chunk-5b38b19f.d4723dbe.js      145.32 KiB        29.29 KiB
  dist\js\chunk-7e26a414.2514de45.js      140.63 KiB        29.38 KiB
  dist\js\chunk-156c935b.5e91444b.js      138.42 KiB        28.75 KiB
  dist\js\chunk-2e27da6c.787d84e1.js      128.47 KiB        27.40 KiB
  dist\js\chunk-95846196.646d8536.js      128.27 KiB        27.25 KiB
  dist\js\chunk-2468eb7c.02e21bab.js      127.72 KiB        27.18 KiB
  dist\js\chunk-280a7132.bc049e17.js      112.18 KiB        24.54 KiB
  dist\js\chunk-33a03103.ebb7bade.js      110.15 KiB        23.92 KiB
  dist\js\chunk-e0c48d78.f71963b4.js      102.70 KiB        37.27 KiB
  dist\js\chunk-222d1b4e.9cc05bc9.js      100.95 KiB        22.89 KiB
  dist\js\chunk-52e34ec0.7663bd5d.js      98.28 KiB         22.07 KiB
  dist\js\chunk-3edda11a.c6ba5b0c.js      98.21 KiB         22.08 KiB
  dist\js\chunk-8a8f7e72.411e207d.js      98.12 KiB         22.03 KiB
  dist\js\chunk-7048fb45.6f969466.js      98.02 KiB         21.90 KiB
  dist\js\chunk-db6e0b10.8c1bb482.js      96.41 KiB         21.70 KiB
  dist\js\chunk-b3535282.ce9a1a31.js      87.50 KiB         20.77 KiB
  dist\js\chunk-53fb4436.aec4b480.js      86.71 KiB         20.29 KiB
  dist\js\chunk-a32d7822.9c10f6e0.js      81.10 KiB         16.77 KiB
  dist\js\chunk-adc1c5a8.f7c2f231.js      81.05 KiB         16.76 KiB
  dist\js\chunk-da2171ce.d8ecd5ed.js      80.59 KiB         20.17 KiB
  dist\js\chunk-8a159462.abe33a63.js      80.39 KiB         20.02 KiB
  dist\js\chunk-49bdf1d4.537be9c2.js      76.18 KiB         7.56 KiB
  dist\js\chunk-95a57c80.095eaad0.js      64.44 KiB         13.87 KiB
  dist\js\chunk-1a1a3286.4959fd9d.js      64.41 KiB         14.05 KiB
  dist\js\chunk-06b53ff6.d2be5c70.js      64.23 KiB         24.58 KiB
  dist\js\chunk-1bb81d80.7177c7f6.js      63.55 KiB         16.47 KiB
  dist\js\chunk-06e560b9.23f1bf5c.js      61.63 KiB         14.95 KiB
  dist\js\chunk-2c978be6.6666c09e.js      47.10 KiB         10.57 KiB
  dist\js\chunk-61fa8682.54c6042d.js      47.09 KiB         10.06 KiB
  dist\js\chunk-c7a1ff7c.d160dbb7.js      44.86 KiB         11.19 KiB
  dist\js\chunk-11d591d6.d38dda4e.js      40.45 KiB         9.46 KiB
  dist\js\chunk-1bb66505.2d279bc8.js      40.20 KiB         10.21 KiB
  dist\js\chunk-41e1694e.8c495af5.js      40.17 KiB         10.18 KiB
  dist\js\chunk-b6890930.32e9d744.js      38.25 KiB         8.14 KiB
  dist\js\chunk-380129fb.e766d5fc.js      37.15 KiB         9.27 KiB
  dist\js\chunk-5ea0eb80.87968a27.js      37.10 KiB         10.05 KiB
  dist\js\chunk-864ee452.2fd3ba67.js      35.18 KiB         9.71 KiB
  dist\js\chunk-bd402180.8d81ea7b.js      31.61 KiB         6.37 KiB
  dist\js\chunk-159beab0.8c2c5575.js      31.38 KiB         9.51 KiB
  dist\js\chunk-2825469a.4ac9248a.js      29.03 KiB         8.65 KiB
  dist\js\chunk-5ddfa154.1aae57ea.js      28.95 KiB         8.61 KiB
  dist\js\chunk-8b0ce27c.8f59237f.js      28.88 KiB         8.56 KiB
  dist\js\chunk-1c1aaf54.3127c72b.js      27.30 KiB         5.88 KiB
  dist\js\chunk-2d0dd6ac.46fb2827.js      25.50 KiB         6.84 KiB
  dist\js\chunk-15abdcf4.37ae67cf.js      24.03 KiB         7.91 KiB
  dist\js\chunk-76a71d9a.0ee65eee.js      23.83 KiB         3.41 KiB
  dist\js\chunk-79dc9d80.803047c4.js      22.77 KiB         6.09 KiB
  dist\js\chunk-81bcc9f4.1986c9a3.js      21.50 KiB         5.32 KiB
  dist\js\chunk-380a8316.6ae34728.js      21.03 KiB         5.02 KiB
  dist\js\chunk-53aa5178.0b3bdcad.js      20.31 KiB         6.35 KiB
  dist\js\chunk-581500aa.f5e0da83.js      19.16 KiB         5.28 KiB
  dist\js\chunk-7208f5c4.466627f1.js      18.79 KiB         5.15 KiB
  dist\js\chunk-1d93d723.45d567be.js      18.78 KiB         5.40 KiB
  dist\js\chunk-1a472a2f.7ead0448.js      18.52 KiB         4.89 KiB
  dist\js\chunk-eb2ff2de.e24ed7ca.js      17.80 KiB         4.80 KiB
  dist\js\chunk-e6305f2c.dcf80e03.js      17.50 KiB         5.41 KiB
  dist\js\chunk-2d2cc003.0d4fe0ce.js      16.94 KiB         5.16 KiB
  dist\js\chunk-4a2a498b.147f69dd.js      16.48 KiB         5.19 KiB
  dist\js\chunk-81324cae.254606fc.js      16.19 KiB         5.17 KiB
  dist\js\chunk-4992c114.a5d6ed8b.js      16.10 KiB         5.04 KiB
  dist\js\chunk-7ca5d467.3623f4f6.js      14.53 KiB         4.73 KiB
  dist\js\chunk-4301fc7e.2be22e66.js      14.43 KiB         4.48 KiB
  dist\js\chunk-0f5d604a.84a55c2c.js      14.01 KiB         4.56 KiB
  dist\js\chunk-3f807b9b.b84425bc.js      13.63 KiB         4.30 KiB
  dist\js\chunk-5301515a.dab7d7d7.js      13.63 KiB         4.30 KiB
  dist\js\chunk-1a370d0b.f7e3fb93.js      13.58 KiB         3.95 KiB
  dist\js\chunk-3deba139.bd703cd3.js      13.34 KiB         4.24 KiB
  dist\js\chunk-16b21e1c.d2b87801.js      13.09 KiB         3.92 KiB
  dist\js\chunk-5c1dcf80.956ac1a8.js      13.09 KiB         4.06 KiB
  dist\js\chunk-46641570.e3116a54.js      12.95 KiB         3.86 KiB
  dist\js\chunk-5f674dc4.10a0ef3d.js      12.61 KiB         4.63 KiB
  dist\js\chunk-38dabca1.92a6f993.js      12.50 KiB         3.81 KiB
  dist\js\chunk-7683a88c.4e8a375c.js      12.43 KiB         4.32 KiB
  dist\js\chunk-4984531e.c97ee191.js      12.35 KiB         4.29 KiB
  dist\js\chunk-6d0c3f90.87151c93.js      12.21 KiB         4.25 KiB
  dist\js\chunk-16ad1694.d976bec3.js      12.16 KiB         4.12 KiB
  dist\js\chunk-1c40c28a.6fe153f4.js      12.09 KiB         3.90 KiB
  dist\js\chunk-23e2843c.9666bc1f.js      11.98 KiB         3.96 KiB
  dist\js\chunk-23bfc027.e0d8251d.js      11.95 KiB         3.96 KiB
  dist\js\chunk-2e4945a4.f0e32a1c.js      11.93 KiB         3.95 KiB
  dist\js\chunk-2d0e1bc0.63fcae78.js      11.78 KiB         3.61 KiB
  dist\js\chunk-7ad5c5c0.9a2ebe51.js      11.45 KiB         4.02 KiB
  dist\js\chunk-4aef4670.ae0c537f.js      11.30 KiB         3.98 KiB
  dist\js\chunk-d16f2ba0.32172e7f.js      11.16 KiB         3.80 KiB
  dist\js\chunk-52eeb0e8.569d0565.js      11.16 KiB         3.80 KiB
  dist\js\chunk-28c63a0f.933cbdad.js      10.68 KiB         3.92 KiB
  dist\js\chunk-787fac0d.0640ae3b.js      10.30 KiB         3.53 KiB
  dist\js\chunk-b5ac1f46.f336a69d.js      10.03 KiB         3.64 KiB
  dist\js\chunk-69a054a0.2aacdab1.js      10.01 KiB         3.64 KiB
  dist\js\chunk-745a7bbd.0c1c7e15.js      9.98 KiB          3.47 KiB
  dist\js\chunk-4224355d.05583915.js      9.87 KiB          4.29 KiB
  dist\js\chunk-b5ca799a.17d09a0e.js      9.70 KiB          5.13 KiB
  dist\js\chunk-acf0bcce.6f9a88f1.js      9.40 KiB          3.47 KiB
  dist\js\chunk-409bb0c0.178ef37a.js      9.23 KiB          2.78 KiB
  dist\js\chunk-7d3ae704.772d89bb.js      9.09 KiB          2.73 KiB
  dist\js\chunk-5b84ffa5.657284ce.js      8.89 KiB          3.40 KiB
  dist\js\chunk-cfb59f24.028518ad.js      8.78 KiB          3.15 KiB
  dist\js\chunk-af596498.74ed361c.js      8.68 KiB          3.16 KiB
  dist\js\chunk-5ff1d97f.8a002897.js      8.11 KiB          3.20 KiB
  dist\js\chunk-956282cc.f4a239e8.js      7.91 KiB          2.58 KiB
  dist\js\chunk-2d0d8378.bb579c52.js      7.83 KiB          2.84 KiB
  dist\js\chunk-2d225ff5.fb0ac2f7.js      7.75 KiB          2.86 KiB
  dist\js\chunk-2314c57b.22ddc341.js      7.74 KiB          2.48 KiB
  dist\js\chunk-33c2109a.afd7a0c8.js      7.73 KiB          2.90 KiB
  dist\js\chunk-66452030.50fc0fcd.js      7.70 KiB          2.94 KiB
  dist\js\chunk-c26d54de.9b6ed27e.js      7.59 KiB          3.23 KiB
  dist\js\chunk-421f8a95.a3dc3420.js      7.41 KiB          3.38 KiB
  dist\js\chunk-2b406051.80407f92.js      7.29 KiB          2.86 KiB
  dist\js\chunk-6c5c513d.bb7a8312.js      7.27 KiB          2.76 KiB
  dist\js\chunk-5f8ce73b.be6805ea.js      7.24 KiB          3.00 KiB
  dist\js\chunk-7964ec22.c793c38e.js      7.20 KiB          2.66 KiB
  dist\js\chunk-78bc69de.53b62fe6.js      6.73 KiB          2.51 KiB
  dist\js\user.7337ff04.js                6.72 KiB          2.67 KiB
  dist\js\chunk-2039a09f.f95f6a7d.js      6.48 KiB          2.52 KiB
  dist\js\chunk-0d7ab4ad.7ee1355a.js      6.45 KiB          2.42 KiB
  dist\js\chunk-c0c4dea8.0eb6c6bb.js      6.40 KiB          2.09 KiB
  dist\js\chunk-224a1fc8.154016fc.js      6.12 KiB          2.54 KiB
  dist\js\chunk-467ddad2.9f6ee095.js      6.03 KiB          2.52 KiB
  dist\js\chunk-016dffaa.d3831004.js      5.99 KiB          2.55 KiB
  dist\js\chunk-2d222cee.94552736.js      5.98 KiB          2.50 KiB
  dist\js\chunk-2eba4a4a.542850f5.js      5.95 KiB          2.48 KiB
  dist\js\chunk-2d20ede5.81d26cfa.js      5.73 KiB          2.25 KiB
  dist\js\chunk-407f071c.eb6cda30.js      5.58 KiB          2.30 KiB
  dist\js\chunk-f6cc1444.868defc7.js      5.49 KiB          2.33 KiB
  dist\js\chunk-61e6b294.c0e1ceac.js      5.48 KiB          2.21 KiB
  dist\js\chunk-2d230e17.91b3e531.js      5.44 KiB          2.20 KiB
  dist\js\chunk-2d20e8a3.db97cef5.js      5.43 KiB          2.16 KiB
  dist\js\chunk-16c9f4d6.350cd21d.js      5.39 KiB          2.32 KiB
  dist\js\chunk-2d2109ff.d77c6d5f.js      5.27 KiB          2.30 KiB
  dist\js\chunk-64e48865.576abf03.js      5.22 KiB          2.29 KiB
  dist\js\chunk-61397046.24bf8da2.js      5.16 KiB          2.12 KiB
  dist\js\chunk-1cb1a65f.4eac7bdb.js      5.03 KiB          1.95 KiB
  dist\js\chunk-cd9b9450.4248fdb3.js      4.97 KiB          2.18 KiB
  dist\js\chunk-2d0c2632.482f4d51.js      4.94 KiB          2.02 KiB
  dist\js\chunk-77a6f2ce.c71f29cc.js      4.83 KiB          2.12 KiB
  dist\js\chunk-59ce80e6.22beee11.js      4.80 KiB          2.12 KiB
  dist\js\chunk-2d0e9773.1b277ce5.js      4.79 KiB          1.54 KiB
  dist\js\chunk-2d0d09f7.15311412.js      4.73 KiB          1.67 KiB
  dist\js\chunk-1a820668.09c84c73.js      4.71 KiB          2.10 KiB
  dist\js\chunk-67e74bdc.b6882ec3.js      4.64 KiB          1.89 KiB
  dist\js\chunk-2d0da3e1.b677cfa1.js      4.52 KiB          1.97 KiB
  dist\js\chunk-d13a1aac.d86e3a93.js      4.49 KiB          2.06 KiB
  dist\js\chunk-4b1998d3.79bc4882.js      4.48 KiB          2.05 KiB
  dist\js\chunk-bacaf390.74632e39.js      4.40 KiB          2.07 KiB
  dist\js\chunk-191de679.40261db7.js      4.31 KiB          1.93 KiB
  dist\js\chunk-39da1207.a960ebef.js      4.17 KiB          1.99 KiB
  dist\js\chunk-2d0c02f2.2d616f1e.js      4.08 KiB          1.74 KiB
  dist\js\chunk-3a17b8b5.04b301c8.js      4.08 KiB          1.98 KiB
  dist\js\chunk-2d225b46.750d0b45.js      3.66 KiB          1.71 KiB
  dist\js\chunk-a82b4092.dadbc3c4.js      3.59 KiB          1.76 KiB
  dist\js\chunk-a538f554.6d242c4c.js      3.58 KiB          1.75 KiB
  dist\js\chunk-5005a329.128feea6.js      3.48 KiB          1.71 KiB
  dist\js\chunk-2d0c05f5.d302f441.js      3.17 KiB          1.35 KiB
  dist\js\chunk-e3260b3e.911e7102.js      3.00 KiB          1.48 KiB
  dist\js\chunk-06e0b7e8.1812873b.js      2.93 KiB          1.41 KiB
  dist\js\chunk-2d0e5f08.99d685e2.js      2.89 KiB          1.21 KiB
  dist\js\chunk-0f73a554.779c7a3b.js      2.81 KiB          1.45 KiB
  dist\js\chunk-212edb2c.a29d01b9.js      2.79 KiB          1.36 KiB
  dist\js\chunk-2d0e1c1c.a43c290e.js      2.74 KiB          1.36 KiB
  dist\js\chunk-2d0b26e6.cd610d2c.js      2.74 KiB          1.30 KiB
  dist\js\chunk-9735e122.8a6748a8.js      2.61 KiB          1.21 KiB
  dist\js\chunk-629c8219.eaf462d1.js      2.51 KiB          1.12 KiB
  dist\js\chunk-2e8b1438.43051fef.js      2.41 KiB          0.91 KiB
  dist\js\chunk-2d22528e.74ebe306.js      2.41 KiB          0.87 KiB
  dist\js\chunk-fef9d5ca.2c7c1e62.js      2.40 KiB          1.09 KiB
  dist\js\chunk-c6c279c0.fd153d0c.js      2.24 KiB          1.13 KiB
  dist\js\chunk-2d0c5788.3a7c8663.js      2.12 KiB          1.03 KiB
  dist\js\chunk-2d0e55b5.780d8b33.js      2.10 KiB          1.08 KiB
  dist\js\chunk-2d0f1595.a9308e9b.js      2.08 KiB          1.08 KiB
  dist\js\chunk-2d0d3e45.505db237.js      1.85 KiB          0.84 KiB
  dist\js\chunk-2d0f09e5.39bcc4da.js      1.77 KiB          0.87 KiB
  dist\js\chunk-23be649b.8019f64d.js      1.68 KiB          0.85 KiB
  dist\js\chunk-3e6a3755.5ea5531b.js      1.67 KiB          0.85 KiB
  dist\js\fail.cf25d467.js                1.67 KiB          0.84 KiB
  dist\js\chunk-40aba36a.00574e4d.js      1.53 KiB          0.76 KiB
  dist\js\chunk-2d0bacd5.b14c1fde.js      1.49 KiB          0.72 KiB
  dist\js\chunk-a90c3e30.16a95ec0.js      1.48 KiB          0.77 KiB
  dist\js\chunk-2d0d9f90.142a9d5e.js      1.43 KiB          0.73 KiB
  dist\js\chunk-60eee0d0.64daf9fd.js      1.42 KiB          0.69 KiB
  dist\js\chunk-bfdca74c.a66e948e.js      1.38 KiB          0.78 KiB
  dist\js\chunk-facb71e4.4aba9011.js      1.22 KiB          0.67 KiB
  dist\js\chunk-ffbdf304.1c2e4a75.js      1.22 KiB          0.61 KiB
  dist\js\chunk-2d0bdf09.3283b4c7.js      1.21 KiB          0.59 KiB
  dist\js\chunk-2d0c0a3a.bee895c8.js      1.15 KiB          0.56 KiB
  dist\js\chunk-19504e65.05c4a4b6.js      1.13 KiB          0.64 KiB
  dist\js\chunk-5b565423.1698f8a4.js      1.13 KiB          0.57 KiB
  dist\js\chunk-2d0b5fb2.4f421757.js      1.09 KiB          0.65 KiB
  dist\js\chunk-2ada37fe.f8448cf6.js      1.08 KiB          0.64 KiB
  dist\js\chunk-7c039a74.d5c83460.js      1.05 KiB          0.55 KiB
  dist\js\chunk-0387aa2f.0b8c4681.js      1.04 KiB          0.59 KiB
  dist\js\chunk-7cbf2bd6.5d999d71.js      1.02 KiB          0.54 KiB
  dist\js\chunk-2d0ab2e6.e7257a27.js      0.99 KiB          0.52 KiB
  dist\js\chunk-2d0cc484.81abbec7.js      0.99 KiB          0.59 KiB
  dist\js\chunk-2d22db3a.356b9b69.js      0.92 KiB          0.49 KiB
  dist\js\chunk-2d230e2a.ade5c743.js      0.92 KiB          0.54 KiB
  dist\js\chunk-2d0b6757.0fc8971e.js      0.89 KiB          0.50 KiB
  dist\js\chunk-2d22613d.305516f9.js      0.88 KiB          0.55 KiB
  dist\js\chunk-2d0a2e13.36209f3d.js      0.87 KiB          0.56 KiB
  dist\js\chunk-7a3f211c.b894069e.js      0.85 KiB          0.44 KiB
  dist\js\chunk-9752a9d0.116f20b7.js      0.84 KiB          0.44 KiB
  dist\js\chunk-7ac8ac7a.ead56d34.js      0.81 KiB          0.46 KiB
  dist\js\chunk-2d0c976a.8b3513c9.js      0.76 KiB          0.44 KiB
  dist\js\chunk-2d208db0.a73963d9.js      0.72 KiB          0.42 KiB
  dist\js\chunk-27cddde6.9dea9a60.js      0.70 KiB          0.43 KiB
  dist\js\chunk-2d0c113c.70c676dc.js      0.70 KiB          0.44 KiB
  dist\js\chunk-34cb347e.d2fbac7f.js      0.67 KiB          0.39 KiB
  dist\js\chunk-b763d4ca.bca34640.js      0.62 KiB          0.40 KiB
  dist\js\chunk-2d0b16d0.f9ef4575.js      0.57 KiB          0.36 KiB
  dist\js\chunk-2d221f48.6af16592.js      0.55 KiB          0.39 KiB
  dist\js\chunk-2d21e3e9.ca8d47cc.js      0.53 KiB          0.37 KiB
  dist\js\chunk-62f29d38.0d4a7e19.js      0.51 KiB          0.32 KiB
  dist\js\dashboard.247bcf03.js           0.44 KiB          0.31 KiB
  dist\js\chunk-2d0e95df.00f80ebe.js      0.31 KiB          0.25 KiB
  dist\js\chunk-2d217dd2.a6fcf1df.js      0.29 KiB          0.21 KiB
  dist\js\chunk-2d0ceb45.b03e09b0.js      0.16 KiB          0.14 KiB
  dist\js\chunk-74667537.8e263cfb.js      0.10 KiB          0.10 KiB
  dist\js\chunk-21161ebc.170e6656.js      0.10 KiB          0.10 KiB
  dist\js\chunk-6df31804.16750ef8.js      0.10 KiB          0.10 KiB
  dist\js\chunk-74932de7.58c017d3.js      0.10 KiB          0.10 KiB
  dist\js\chunk-772f7328.583c2154.js      0.10 KiB          0.10 KiB
  dist\js\chunk-773e160a.1da12fc6.js      0.10 KiB          0.10 KiB
  dist\css\chunk-vendors.953769bc.css     530.85 KiB        63.44 KiB
  dist\css\chunk-27cddde6.0680e7eb.css    42.54 KiB         4.33 KiB
  dist\css\chunk-772f7328.2af5efab.css    36.71 KiB         4.21 KiB
  dist\css\chunk-21161ebc.46c9164b.css    36.46 KiB         4.16 KiB
  dist\css\chunk-773e160a.0078bfb1.css    36.32 KiB         4.12 KiB
  dist\css\chunk-74667537.dc6543dd.css    35.81 KiB         3.97 KiB
  dist\css\app.35f58143.css               32.04 KiB         5.88 KiB
  dist\css\chunk-c3bdd56e.b01c36d8.css    9.10 KiB          2.33 KiB
  dist\css\chunk-22ede617.dad3569a.css    6.88 KiB          1.30 KiB
  dist\css\chunk-2e8b1438.d8eba030.css    3.84 KiB          1.70 KiB
  dist\css\chunk-eb2ff2de.6944d836.css    3.07 KiB          0.84 KiB
  dist\css\chunk-81324cae.c550c145.css    2.41 KiB          0.81 KiB
  dist\css\chunk-5b38b19f.b662b992.css    2.26 KiB          0.83 KiB
  dist\css\chunk-5ea0eb80.384fcb31.css    2.25 KiB          0.58 KiB
  dist\css\chunk-2468eb7c.e1e10d73.css    2.22 KiB          0.82 KiB
  dist\css\chunk-b6890930.9d07b6e9.css    2.22 KiB          0.78 KiB
  dist\css\chunk-a32d7822.4202ec54.css    2.14 KiB          0.79 KiB
  dist\css\chunk-adc1c5a8.3e4621fc.css    2.14 KiB          0.79 KiB
  dist\css\chunk-1104730e.8683103b.css    2.05 KiB          0.76 KiB
  dist\css\chunk-156c935b.8683103b.css    2.05 KiB          0.76 KiB
  dist\css\chunk-2aa6befd.d2b0f3f6.css    2.05 KiB          0.76 KiB
  dist\css\chunk-2e27da6c.8683103b.css    2.05 KiB          0.76 KiB
  dist\css\chunk-3edda11a.8683103b.css    2.05 KiB          0.76 KiB
  dist\css\chunk-4486c1e7.8683103b.css    2.05 KiB          0.76 KiB
  dist\css\chunk-474b1266.8683103b.css    2.05 KiB          0.76 KiB
  dist\css\chunk-52e34ec0.8683103b.css    2.05 KiB          0.76 KiB
  dist\css\chunk-7e26a414.8683103b.css    2.05 KiB          0.76 KiB
  dist\css\chunk-8a8f7e72.8683103b.css    2.05 KiB          0.76 KiB
  dist\css\chunk-95846196.8683103b.css    2.05 KiB          0.76 KiB
  dist\css\chunk-d7628a9e.8683103b.css    2.05 KiB          0.76 KiB
  dist\css\chunk-76a71d9a.13358940.css    1.93 KiB          0.60 KiB
  dist\css\chunk-581500aa.c6c3cdb1.css    1.79 KiB          0.69 KiB
  dist\css\chunk-7ca5d467.dca61ac4.css    1.79 KiB          0.69 KiB
  dist\css\chunk-46641570.c1c0dd86.css    1.63 KiB          0.64 KiB
  dist\css\chunk-016dffaa.c926595e.css    1.59 KiB          0.62 KiB
  dist\css\chunk-06e0b7e8.c926595e.css    1.59 KiB          0.62 KiB
  dist\css\chunk-0f5d604a.c926595e.css    1.59 KiB          0.62 KiB
  dist\css\chunk-11d591d6.c926595e.css    1.59 KiB          0.62 KiB
  dist\css\chunk-16ad1694.c926595e.css    1.59 KiB          0.62 KiB
  dist\css\chunk-16b21e1c.c926595e.css    1.59 KiB          0.62 KiB
  dist\css\chunk-16c9f4d6.c926595e.css    1.59 KiB          0.62 KiB
  dist\css\chunk-1a370d0b.b3db1300.css    1.59 KiB          0.62 KiB
  dist\css\chunk-1a472a2f.c926595e.css    1.59 KiB          0.62 KiB
  dist\css\chunk-1c40c28a.c926595e.css    1.59 KiB          0.62 KiB
  dist\css\chunk-1d93d723.c926595e.css    1.59 KiB          0.62 KiB
  dist\css\chunk-212edb2c.c926595e.css    1.59 KiB          0.62 KiB
  dist\css\chunk-23bfc027.c926595e.css    1.59 KiB          0.62 KiB
  dist\css\chunk-23e2843c.c926595e.css    1.59 KiB          0.62 KiB
  dist\css\chunk-28c63a0f.c926595e.css    1.59 KiB          0.62 KiB
  dist\css\chunk-2b406051.c926595e.css    1.59 KiB          0.62 KiB
  dist\css\chunk-2c978be6.c926595e.css    1.59 KiB          0.62 KiB
  dist\css\chunk-2d2cc003.c926595e.css    1.59 KiB          0.62 KiB
  dist\css\chunk-2e4945a4.c926595e.css    1.59 KiB          0.62 KiB
  dist\css\chunk-380129fb.c926595e.css    1.59 KiB          0.62 KiB
  dist\css\chunk-3deba139.c926595e.css    1.59 KiB          0.62 KiB
  dist\css\chunk-3f807b9b.c926595e.css    1.59 KiB          0.62 KiB
  dist\css\chunk-4301fc7e.c926595e.css    1.59 KiB          0.62 KiB
  dist\css\chunk-467ddad2.c926595e.css    1.59 KiB          0.62 KiB
  dist\css\chunk-4a2a498b.c926595e.css    1.59 KiB          0.62 KiB
  dist\css\chunk-4aef4670.c926595e.css    1.59 KiB          0.62 KiB
  dist\css\chunk-52eeb0e8.c926595e.css    1.59 KiB          0.62 KiB
  dist\css\chunk-5301515a.c926595e.css    1.59 KiB          0.62 KiB
  dist\css\chunk-5f674dc4.c926595e.css    1.59 KiB          0.62 KiB
  dist\css\chunk-5f8ce73b.c926595e.css    1.59 KiB          0.62 KiB
  dist\css\chunk-61fa8682.c926595e.css    1.59 KiB          0.62 KiB
  dist\css\chunk-67e74bdc.c926595e.css    1.59 KiB          0.62 KiB
  dist\css\chunk-7208f5c4.c926595e.css    1.59 KiB          0.62 KiB
  dist\css\chunk-79dc9d80.c926595e.css    1.59 KiB          0.62 KiB
  dist\css\chunk-81bcc9f4.c926595e.css    1.59 KiB          0.62 KiB
  dist\css\chunk-c0c4dea8.c926595e.css    1.59 KiB          0.62 KiB
  dist\css\chunk-cfb59f24.c926595e.css    1.59 KiB          0.62 KiB
  dist\css\chunk-d16f2ba0.c926595e.css    1.59 KiB          0.62 KiB
  dist\css\chunk-06b53ff6.9f9e5d38.css    1.17 KiB          0.46 KiB
  dist\css\chunk-7a3f211c.3ba4589b.css    0.92 KiB          0.37 KiB
  dist\css\chunk-380a8316.a62a4ade.css    0.84 KiB          0.25 KiB
  dist\css\chunk-4992c114.650cd171.css    0.83 KiB          0.36 KiB
  dist\css\chunk-23be649b.8534b635.css    0.80 KiB          0.33 KiB
  dist\css\chunk-3e6a3755.8534b635.css    0.80 KiB          0.33 KiB
  dist\css\chunk-bfdca74c.8534b635.css    0.80 KiB          0.33 KiB
  dist\css\fail.8534b635.css              0.80 KiB          0.33 KiB
  dist\css\chunk-b5ca799a.2aac1b72.css    0.80 KiB          0.34 KiB
  dist\css\user.2aac1b72.css              0.80 KiB          0.34 KiB
  dist\css\chunk-9752a9d0.50c554ae.css    0.69 KiB          0.29 KiB
  dist\css\chunk-53aa5178.24c0315a.css    0.69 KiB          0.36 KiB
  dist\css\chunk-0d7ab4ad.16db6d7f.css    0.69 KiB          0.33 KiB
  dist\css\chunk-7ac8ac7a.0b0c93fb.css    0.66 KiB          0.30 KiB
  dist\css\chunk-53fb4436.9b6d16c0.css    0.64 KiB          0.33 KiB
  dist\css\chunk-6df31804.a1554b5e.css    0.60 KiB          0.31 KiB
  dist\css\chunk-1a1a3286.eb2f8916.css    0.55 KiB          0.30 KiB
  dist\css\chunk-95a57c80.ba8418b0.css    0.55 KiB          0.30 KiB
  dist\css\chunk-7c039a74.ee3a167a.css    0.55 KiB          0.22 KiB
  dist\css\chunk-b763d4ca.2611186a.css    0.48 KiB          0.26 KiB
  dist\css\chunk-1bb81d80.aa8ceef8.css    0.46 KiB          0.26 KiB
  dist\css\chunk-222d1b4e.aa8ceef8.css    0.46 KiB          0.26 KiB
  dist\css\chunk-280a7132.aa8ceef8.css    0.46 KiB          0.26 KiB
  dist\css\chunk-33a03103.aa8ceef8.css    0.46 KiB          0.26 KiB
  dist\css\chunk-5c1dcf80.aa8ceef8.css    0.46 KiB          0.26 KiB
  dist\css\chunk-7048fb45.aa8ceef8.css    0.46 KiB          0.26 KiB
  dist\css\chunk-8a159462.aa8ceef8.css    0.46 KiB          0.26 KiB
  dist\css\chunk-b3535282.aa8ceef8.css    0.46 KiB          0.26 KiB
  dist\css\chunk-da2171ce.aa8ceef8.css    0.46 KiB          0.26 KiB
  dist\css\chunk-db6e0b10.aa8ceef8.css    0.46 KiB          0.26 KiB
  dist\css\chunk-e6305f2c.aa8ceef8.css    0.46 KiB          0.26 KiB
  dist\css\chunk-06e560b9.b02d615e.css    0.41 KiB          0.24 KiB
  dist\css\chunk-c7a1ff7c.a5c631ce.css    0.40 KiB          0.24 KiB
  dist\css\chunk-33c2109a.1b3bdc50.css    0.34 KiB          0.17 KiB
  dist\css\chunk-facb71e4.41291779.css    0.34 KiB          0.16 KiB
  dist\css\chunk-61397046.cfb43ae2.css    0.32 KiB          0.21 KiB
  dist\css\chunk-15abdcf4.561d368d.css    0.29 KiB          0.15 KiB
  dist\css\chunk-4984531e.561d368d.css    0.29 KiB          0.15 KiB
  dist\css\chunk-6d0c3f90.561d368d.css    0.29 KiB          0.15 KiB
  dist\css\chunk-7683a88c.561d368d.css    0.29 KiB          0.15 KiB
  dist\css\chunk-7ad5c5c0.561d368d.css    0.29 KiB          0.15 KiB
  dist\css\chunk-421f8a95.d4853c8e.css    0.26 KiB          0.19 KiB
  dist\css\chunk-4224355d.d4853c8e.css    0.26 KiB          0.19 KiB
  dist\css\chunk-61e6b294.5c5327a1.css    0.26 KiB          0.19 KiB
  dist\css\chunk-7964ec22.54106e35.css    0.26 KiB          0.19 KiB
  dist\css\chunk-62f29d38.8b00a0c9.css    0.25 KiB          0.19 KiB
  dist\css\chunk-159beab0.6208fe33.css    0.22 KiB          0.15 KiB
  dist\css\chunk-1bb66505.6208fe33.css    0.22 KiB          0.15 KiB
  dist\css\chunk-1c1aaf54.6208fe33.css    0.22 KiB          0.15 KiB
  dist\css\chunk-2825469a.6208fe33.css    0.22 KiB          0.15 KiB
  dist\css\chunk-41e1694e.6208fe33.css    0.22 KiB          0.15 KiB
  dist\css\chunk-5ddfa154.6208fe33.css    0.22 KiB          0.15 KiB
  dist\css\chunk-6c5c513d.6208fe33.css    0.22 KiB          0.15 KiB
  dist\css\chunk-864ee452.6208fe33.css    0.22 KiB          0.15 KiB
  dist\css\chunk-8b0ce27c.6208fe33.css    0.22 KiB          0.15 KiB
  dist\css\chunk-af596498.6208fe33.css    0.22 KiB          0.15 KiB
  dist\css\chunk-49bdf1d4.822b4887.css    0.21 KiB          0.16 KiB
  dist\css\chunk-e0c48d78.d8510eba.css    0.20 KiB          0.13 KiB
  dist\css\chunk-0387aa2f.8f72cb4a.css    0.16 KiB          0.12 KiB
  dist\css\chunk-19504e65.c11750fd.css    0.15 KiB          0.12 KiB
  dist\css\chunk-2ada37fe.778584df.css    0.15 KiB          0.12 KiB
  dist\css\chunk-ffbdf304.4df42a33.css    0.15 KiB          0.12 KiB
  dist\css\chunk-74932de7.d5022fd4.css    0.12 KiB          0.10 KiB
  dist\css\chunk-c6c279c0.d473cb62.css    0.07 KiB          0.09 KiB
  dist\css\chunk-9735e122.002ec413.css    0.04 KiB          0.06 KiB
  dist\css\chunk-1cb1a65f.65f9329c.css    0.04 KiB          0.06 KiB
  dist\css\chunk-5b565423.1ed90bfc.css    0.00 KiB          0.02 KiB
  dist\css\chunk-69a054a0.92647ec0.css    0.00 KiB          0.02 KiB
  dist\css\chunk-7cbf2bd6.1ed90bfc.css    0.00 KiB          0.02 KiB
  dist\css\chunk-b5ac1f46.92647ec0.css    0.00 KiB          0.02 KiB

  Images and other types of assets omitted.

 DONE  Build complete. The dist directory is ready to be deployed.
 INFO  Check out deployment instructions at https://cli.vuejs.org/guide/deployment.html
      
