管伊佳ERP
首页
零售管理
采购管理
销售管理
销售订单
销售出库
销售退货
仓库管理
财务管理
报表查询
商品管理
基础资料
FlowPilot汽车零部件有限公司（虚构演示企业）
欢迎您，FlowPilot实施管理员 退出登录
首页
销售出库
单据编号
商品信息
单据日期
~
查 询重 置 展开 
新增删除转销售退货审核反审核列设置
	
	
操作
	
客户
	
单据编号
	
商品信息
	
单据日期
	
操作员
	
数量
	
金额合计
	
含税合计
	
待收金额
	
本次收款
	
本次欠款
	
状态
	
	查看编辑复制删除	FlowPilot汽车总装客户（虚构）	FP-UAT-20261008-SI[订]	FlowPilot制动支架 BRK-01	2026-10-08 16:38:44	FlowPilot销售员	30	2850	2850.00	2850.00	2850	0	已审核
1-1 共1条
1
10 条/页
整体风格设置
主题色
固定 Header
下滑时隐藏 Header
固定侧边菜单
语言设置
选择语言
简体中文
其他设置
色弱模式
