管伊佳ERP
首页
零售管理
采购管理
销售管理
仓库管理
财务管理
报表查询
商品管理
基础资料
系统管理
FlowPilot汽车零部件有限公司（虚构演示企业）
欢迎您，测试用户 退出登录
首页
今日销售

￥0

今日零售

￥0

今日采购

￥0

本月累计销售

￥0

本月累计零售

￥0

本月累计采购

￥0

昨日销售

￥0

昨日零售

￥0

昨日采购

￥0

今年累计销售

￥0

今年累计零售

￥0

今年累计采购

￥0

销售统计
零售统计
采购统计
© 2015-2030 管伊佳ERP V3.6
服务到期：2099-02-17授权用户：5/2000
浏览器的缩放比例调整提示
检测到您显示器的分辨率为：1440*1000 ，为了获得更好的操作体验，建议您将浏览器的缩放比例调整至75%
欢迎
下午好，欢迎回来
今日销售
×
统计今日销售单据的总金额
 
 
 
 
 
 
 
← 上一步
下一步 →
整体风格设置
主题色
固定 Header
下滑时隐藏 Header
固定侧边菜单
语言设置
选择语言
简体中文
其他设置
色弱模式
