管伊佳ERP
首页
采购管理
报表查询
商品库存
商品管理
基础资料
FlowPilot汽车零部件有限公司（虚构演示企业）
欢迎您，FlowPilot采购员 退出登录
首页
商品库存
仓库
请选择仓库
 
商品信息
查 询打印导出 展开 
总库存：1963.00，总库存金额：12114.00，总重量：0.00
	
库存详情
	
条码	
	
名称
	
规格
	
型号
	
颜色
	
类别
	
仓位货架
	
单位
	
成本价	
	
初始库存
	
库存	
	
库存金额	
	
重量	
1	流水分布	FP-MAT-006	FlowPilot成品包装箱	BOX-06					个	3	100	100	300	0
2	流水分布	FP-MAT-005	FlowPilot冷轧钢板	SPCC-2mm					千克	6	500	500	3000	0
3	流水分布	FP-MAT-004	FlowPilot密封垫圈	SEAL-04					个	2.5	200	200	500	0
4	流水分布	FP-MAT-003	FlowPilot紧固螺栓M10	M10x30					个	1.2	1000	1000	1200	0
5	流水分布	FP-MAT-002	FlowPilot轮毂轴套	HUB-02					件	35	80	80	2800	0
6	流水分布	FP-MAT-001	FlowPilot制动支架	BRK-01					件	68	60	60	4080	0
7	流水分布	1014	衣服						件	12	0	5	60	0
8	流水分布	1009	商品200	300ml	weqwe	红色	目录2		个	11	0	7	77	0
9	流水分布	1003	商品3		sp3		目录1		个	8	0	8	64	0
10	流水分布	1001	商品1		sp1		目录1		个	11	0	3	33	0
合计		-	-	-	-	-	-	-	-	-	1940.00	1963.00	12114.00	0.00
共 10 条
1
10条/页
整体风格设置
主题色
固定 Header
下滑时隐藏 Header
固定侧边菜单
语言设置
选择语言
简体中文
其他设置
色弱模式
