[INFO] Scanning for projects...
[INFO] 
[INFO] ------------------------< com.jsh:jshERP-boot >-------------------------
[INFO] Building jshERP-boot 3.6-SNAPSHOT
[INFO]   from pom.xml
[INFO] --------------------------------[ jar ]---------------------------------
[WARNING] The artifact mysql:mysql-connector-java:jar:8.0.33 has been relocated to com.mysql:mysql-connector-j:jar:8.0.33: MySQL Connector/J artifacts moved to reverse-DNS compliant Maven 2+ coordinates.
[WARNING] The artifact org.apache.commons:commons-io:jar:1.3.2 has been relocated to commons-io:commons-io:jar:1.3.2: https://issues.sonatype.org/browse/MVNCENTRAL-244
[INFO] 
[INFO] --- spring-boot:2.0.3.RELEASE:build-info (build-info) @ jshERP-boot ---
[INFO] 
[INFO] --- resources:3.0.1:resources (default-resources) @ jshERP-boot ---
[INFO] Using 'UTF-8' encoding to copy filtered resources.
[INFO] Copying 1 resource
[INFO] Copying 60 resources
[INFO] 
[INFO] --- compiler:3.7.0:compile (default-compile) @ jshERP-boot ---
[INFO] Nothing to compile - all classes are up to date
[INFO] 
[INFO] --- resources:3.0.1:testResources (default-testResources) @ jshERP-boot ---
[INFO] Using 'UTF-8' encoding to copy filtered resources.
[INFO] Copying 1 resource
[INFO] 
[INFO] --- compiler:3.7.0:testCompile (default-testCompile) @ jshERP-boot ---
[INFO] Not compiling test sources
[INFO] 
[INFO] --- surefire:2.20.1:test (default-test) @ jshERP-boot ---
[INFO] 
[INFO] --- jar:3.0.2:jar (default-jar) @ jshERP-boot ---
[INFO] Building jar: D:\7800\flowpilot-erp\upstream\jshERP-boot\target\jshERP.jar
[INFO] 
[INFO] --- spring-boot:2.0.3.RELEASE:repackage (default) @ jshERP-boot ---
[INFO] 
[INFO] --- spring-boot:2.0.3.RELEASE:repackage (repackage) @ jshERP-boot ---
[INFO] Layout: JAR
[INFO] 
[INFO] --- assembly:2.5.1:single (make-zip) @ jshERP-boot ---
[INFO] Reading assembly descriptor: src/main/assembly/assembly.xml
[INFO] Building zip: D:\7800\flowpilot-erp\upstream\jshERP-boot\dist\jshERP-bin.zip
[INFO] ------------------------------------------------------------------------
[INFO] BUILD SUCCESS
[INFO] ------------------------------------------------------------------------
[INFO] Total time:  9.071 s
[INFO] Finished at: 2026-10-08T16:19:58+08:00
[INFO] ------------------------------------------------------------------------
